[2026-06-07T16:26:10.800+0000] {local_task_job_runner.py:123} INFO - ::group::Pre task execution logs
[2026-06-07T16:26:10.813+0000] {taskinstance.py:2603} INFO - Dependencies all met for dep_context=non-requeueable deps ti=<TaskInstance: process_reviews_dag.check_file manual__2026-06-07T16:25:58.319712+00:00 [queued]>
[2026-06-07T16:26:10.821+0000] {taskinstance.py:2603} INFO - Dependencies all met for dep_context=requeueable deps ti=<TaskInstance: process_reviews_dag.check_file manual__2026-06-07T16:25:58.319712+00:00 [queued]>
[2026-06-07T16:26:10.823+0000] {taskinstance.py:2856} INFO - Starting attempt 1 of 1
[2026-06-07T16:26:10.841+0000] {taskinstance.py:2879} INFO - Executing <Task(BranchPythonOperator): check_file> on 2026-06-07 16:25:58.319712+00:00
[2026-06-07T16:26:10.855+0000] {logging_mixin.py:190} WARNING - /home/airflow/.local/lib/python3.12/site-packages/airflow/task/task_runner/standard_task_runner.py:70 DeprecationWarning: This process (pid=121) is multi-threaded, use of fork() may lead to deadlocks in the child.
[2026-06-07T16:26:10.854+0000] {standard_task_runner.py:104} INFO - Running: ['airflow', 'tasks', 'run', 'process_reviews_dag', 'check_file', 'manual__2026-06-07T16:25:58.319712+00:00', '--job-id', '4', '--raw', '--subdir', 'DAGS_FOLDER/process_reviews_dag.py', '--cfg-path', '/tmp/tmp5mly1cp7']
[2026-06-07T16:26:10.857+0000] {standard_task_runner.py:72} INFO - Started process 130 to run task
[2026-06-07T16:26:10.857+0000] {standard_task_runner.py:105} INFO - Job 4: Subtask check_file
[2026-06-07T16:26:10.913+0000] {task_command.py:467} INFO - Running <TaskInstance: process_reviews_dag.check_file manual__2026-06-07T16:25:58.319712+00:00 [running]> on host 4649cb34398f
[2026-06-07T16:26:10.983+0000] {taskinstance.py:3122} INFO - Exporting env vars: AIRFLOW_CTX_DAG_OWNER='airflow' AIRFLOW_CTX_DAG_ID='process_reviews_dag' AIRFLOW_CTX_TASK_ID='check_file' AIRFLOW_CTX_EXECUTION_DATE='2026-06-07T16:25:58.319712+00:00' AIRFLOW_CTX_TRY_NUMBER='1' AIRFLOW_CTX_DAG_RUN_ID='manual__2026-06-07T16:25:58.319712+00:00'
[2026-06-07T16:26:10.986+0000] {taskinstance.py:731} INFO - ::endgroup::
[2026-06-07T16:26:10.999+0000] {baseoperator.py:405} WARNING - BranchPythonOperator.execute cannot be called outside TaskInstance!
[2026-06-07T16:26:16.442+0000] {python.py:240} INFO - Done. Returned value was: transformations.replace_nulls
[2026-06-07T16:26:16.443+0000] {branch.py:38} INFO - Branch into transformations.replace_nulls
[2026-06-07T16:26:16.444+0000] {skipmixin.py:230} INFO - Following branch {'transformations.replace_nulls'}
[2026-06-07T16:26:16.451+0000] {skipmixin.py:278} INFO - Skipping tasks [('empty_file', -1)]
[2026-06-07T16:26:16.486+0000] {taskinstance.py:340} INFO - ::group::Post task execution logs
[2026-06-07T16:26:16.487+0000] {taskinstance.py:352} INFO - Marking task as SUCCESS. dag_id=process_reviews_dag, task_id=check_file, run_id=manual__2026-06-07T16:25:58.319712+00:00, execution_date=20260607T162558, start_date=20260607T162610, end_date=20260607T162616
[2026-06-07T16:26:16.545+0000] {local_task_job_runner.py:261} INFO - Task exited with return code 0
[2026-06-07T16:26:16.577+0000] {taskinstance.py:3891} INFO - 1 downstream tasks scheduled from follow-on schedule check
[2026-06-07T16:26:16.587+0000] {local_task_job_runner.py:240} INFO - ::endgroup::
