[2026-06-07T17:16:28.238+0000] {local_task_job_runner.py:123} INFO - ::group::Pre task execution logs
[2026-06-07T17:16:28.249+0000] {taskinstance.py:2603} INFO - Dependencies all met for dep_context=non-requeueable deps ti=<TaskInstance: process_reviews_dag.check_file manual__2026-06-07T17:16:17.163783+00:00 [queued]>
[2026-06-07T17:16:28.256+0000] {taskinstance.py:2603} INFO - Dependencies all met for dep_context=requeueable deps ti=<TaskInstance: process_reviews_dag.check_file manual__2026-06-07T17:16:17.163783+00:00 [queued]>
[2026-06-07T17:16:28.257+0000] {taskinstance.py:2856} INFO - Starting attempt 1 of 1
[2026-06-07T17:16:28.277+0000] {taskinstance.py:2879} INFO - Executing <Task(BranchPythonOperator): check_file> on 2026-06-07 17:16:17.163783+00:00
[2026-06-07T17:16:28.287+0000] {logging_mixin.py:190} WARNING - /home/airflow/.local/lib/python3.12/site-packages/airflow/task/task_runner/standard_task_runner.py:70 DeprecationWarning: This process (pid=115) is multi-threaded, use of fork() may lead to deadlocks in the child.
[2026-06-07T17:16:28.289+0000] {standard_task_runner.py:72} INFO - Started process 124 to run task
[2026-06-07T17:16:28.287+0000] {standard_task_runner.py:104} INFO - Running: ['airflow', 'tasks', 'run', 'process_reviews_dag', 'check_file', 'manual__2026-06-07T17:16:17.163783+00:00', '--job-id', '23', '--raw', '--subdir', 'DAGS_FOLDER/process_reviews_dag.py', '--cfg-path', '/tmp/tmpzvqsjzvt']
[2026-06-07T17:16:28.291+0000] {standard_task_runner.py:105} INFO - Job 23: Subtask check_file
[2026-06-07T17:16:28.342+0000] {task_command.py:467} INFO - Running <TaskInstance: process_reviews_dag.check_file manual__2026-06-07T17:16:17.163783+00:00 [running]> on host 4649cb34398f
[2026-06-07T17:16:28.416+0000] {taskinstance.py:3122} INFO - Exporting env vars: AIRFLOW_CTX_DAG_OWNER='airflow' AIRFLOW_CTX_DAG_ID='process_reviews_dag' AIRFLOW_CTX_TASK_ID='check_file' AIRFLOW_CTX_EXECUTION_DATE='2026-06-07T17:16:17.163783+00:00' AIRFLOW_CTX_TRY_NUMBER='1' AIRFLOW_CTX_DAG_RUN_ID='manual__2026-06-07T17:16:17.163783+00:00'
[2026-06-07T17:16:28.417+0000] {taskinstance.py:731} INFO - ::endgroup::
[2026-06-07T17:16:28.430+0000] {baseoperator.py:405} WARNING - BranchPythonOperator.execute cannot be called outside TaskInstance!
[2026-06-07T17:16:31.424+0000] {python.py:240} INFO - Done. Returned value was: transformations.replace_nulls
[2026-06-07T17:16:31.426+0000] {branch.py:38} INFO - Branch into transformations.replace_nulls
[2026-06-07T17:16:31.427+0000] {skipmixin.py:230} INFO - Following branch {'transformations.replace_nulls'}
[2026-06-07T17:16:31.434+0000] {skipmixin.py:278} INFO - Skipping tasks [('empty_file', -1)]
[2026-06-07T17:16:31.469+0000] {taskinstance.py:340} INFO - ::group::Post task execution logs
[2026-06-07T17:16:31.470+0000] {taskinstance.py:352} INFO - Marking task as SUCCESS. dag_id=process_reviews_dag, task_id=check_file, run_id=manual__2026-06-07T17:16:17.163783+00:00, execution_date=20260607T171617, start_date=20260607T171628, end_date=20260607T171631
[2026-06-07T17:16:31.525+0000] {local_task_job_runner.py:261} INFO - Task exited with return code 0
[2026-06-07T17:16:31.557+0000] {taskinstance.py:3891} INFO - 1 downstream tasks scheduled from follow-on schedule check
[2026-06-07T17:16:31.569+0000] {local_task_job_runner.py:240} INFO - ::endgroup::
